=== honey-with-nuts-malaysia ===
[imgforge] prompt: a glass jar of honey with visible ground nut texture blended throughout, no whole nut halv…
[imgforge] error: HTTP Error 401: Unauthorized
[imgen] falling through — zimage: exited 1 (expired/invalid token shows up here as 401)
OK public\images\article-honey-with-nuts-malaysia.webp 21KB via pollinations
OK public/images/article-honey-with-nuts-malaysia.webp 21506 bytes
=== honeycomb-hantaran-gift-idea ===
[imgforge] prompt: a glass honey jar with visible honeycomb inside, staged on a woven presentation tray with …
[imgforge] error: HTTP Error 401: Unauthorized
[imgen] falling through — zimage: exited 1 (expired/invalid token shows up here as 401)
OK public\images\article-honeycomb-hantaran-gift-idea.webp 23KB via pollinations
OK public/images/article-honeycomb-hantaran-gift-idea.webp 23982 bytes
=== is-honey-safe-during-pregnancy ===
[imgforge] prompt: a glass jar of honey with a wooden honey dipper resting beside it on a plain kitchen count…
[imgforge] error: HTTP Error 401: Unauthorized
[imgen] falling through — zimage: exited 1 (expired/invalid token shows up here as 401)
OK public\images\article-is-honey-safe-during-pregnancy.webp 20KB via pollinations
OK public/images/article-is-honey-safe-during-pregnancy.webp 21398 bytes
=== honey-allergy-symptoms ===
[imgforge] prompt: a glass jar of honey beside a small white dish of whole almonds and walnuts, plain kitchen…
[imgforge] error: HTTP Error 401: Unauthorized
[imgen] falling through — zimage: exited 1 (expired/invalid token shows up here as 401)
OK public\images\article-honey-allergy-symptoms.webp 23KB via pollinations
OK public/images/article-honey-allergy-symptoms.webp 24368 bytes
=== honey-vs-gula-melaka ===
[imgforge] prompt: a glass jar of honey beside a bowl of dark brown palm sugar blocks, plain wooden kitchen c…
[imgforge] error: HTTP Error 401: Unauthorized
[imgen] falling through — zimage: exited 1 (expired/invalid token shows up here as 401)
OK public\images\article-honey-vs-gula-melaka.webp 21KB via pollinations
OK public/images/article-honey-vs-gula-melaka.webp 22122 bytes
=== is-honey-vegan ===
[imgforge] prompt: a glass jar of honey with a wooden dipper, on a plain light colored kitchen counter, minim…
[imgforge] error: HTTP Error 401: Unauthorized
[imgen] falling through — zimage: exited 1 (expired/invalid token shows up here as 401)
OK public\images\article-is-honey-vegan.webp 20KB via pollinations
OK public/images/article-is-honey-vegan.webp 20874 bytes
=== beli-madu-online-atau-kedai-fizikal ===
[imgforge] prompt: a glass jar of honey beside a smartphone with a blank plain screen, on a plain wooden tabl…
[imgforge] error: HTTP Error 401: Unauthorized
[imgen] falling through — zimage: exited 1 (expired/invalid token shows up here as 401)
OK public\images\article-beli-madu-online-atau-kedai-fizikal.webp 16KB via pollinations
OK public/images/article-beli-madu-online-atau-kedai-fizikal.webp 16398 bytes
=== hadiah-madu-untuk-raya ===
[imgforge] prompt: a glass jar of honey on a woven rattan tray with plain green cloth, simple festive present…
[imgforge] error: HTTP Error 401: Unauthorized
[imgen] falling through — zimage: exited 1 (expired/invalid token shows up here as 401)
OK public\images\article-hadiah-madu-untuk-raya.webp 35KB via pollinations
OK public/images/article-hadiah-madu-untuk-raya.webp 36470 bytes
=== doorgift-madu-kahwin ===
[imgforge] prompt: a row of three small glass honey jars lined up on a plain table, simple wedding favor pres…
[imgforge] error: HTTP Error 401: Unauthorized
[imgen] falling through — zimage: exited 1 (expired/invalid token shows up here as 401)
OK public\images\article-doorgift-madu-kahwin.webp 16KB via pollinations
OK public/images/article-doorgift-madu-kahwin.webp 17400 bytes
=== resepi-sarapan-guna-madu ===
[imgforge] prompt: honey being drizzled from a wooden dipper onto a bowl of oats and sliced fruit on a breakf…
[imgforge] error: HTTP Error 401: Unauthorized
[imgen] falling through — zimage: exited 1 (expired/invalid token shows up here as 401)
OK public\images\article-resepi-sarapan-guna-madu.webp 26KB via pollinations
OK public/images/article-resepi-sarapan-guna-madu.webp 27466 bytes
=== madu-untuk-masakan ===
[imgforge] prompt: honey being poured from a jar into a glass mixing bowl on a kitchen counter, cooking prepa…
[imgforge] error: HTTP Error 401: Unauthorized
[imgen] falling through — zimage: exited 1 (expired/invalid token shows up here as 401)
OK public\images\article-madu-untuk-masakan.webp 18KB via pollinations
OK public/images/article-madu-untuk-masakan.webp 18498 bytes
=== limatha-yatfu-al-shama-fawq-al-asal ===
[imgforge] prompt: a glass jar of honey with a pale golden waxy layer floating near the top of the jar, visib…
[imgforge] error: HTTP Error 401: Unauthorized
[imgen] falling through — zimage: exited 1 (expired/invalid token shows up here as 401)
OK public\images\article-limatha-yatfu-al-shama-fawq-al-asal.webp 15KB via pollinations
OK public/images/article-limatha-yatfu-al-shama-fawq-al-asal.webp 16346 bytes
=== mukawwinat-khaltat-al-asal-bil-aashab ===
[imgforge] prompt: a glass jar of honey surrounded by whole spices, star anise, a cinnamon stick, a walnut, a…
[imgforge] error: HTTP Error 401: Unauthorized
[imgen] falling through — zimage: exited 1 (expired/invalid token shows up here as 401)
OK public\images\article-mukawwinat-khaltat-al-asal-bil-aashab.webp 30KB via pollinations
OK public/images/article-mukawwinat-khaltat-al-asal-bil-aashab.webp 30852 bytes
=== hal-al-asal-masmuh-lil-atfal-aqal-min-sana ===
[imgforge] prompt: a glass jar of honey sitting on a plain kitchen counter, simple neutral still life, natura…
[imgforge] error: HTTP Error 401: Unauthorized
[imgen] falling through — zimage: exited 1 (expired/invalid token shows up here as 401)
OK public\images\article-hal-al-asal-masmuh-lil-atfal-aqal-min-sana.webp 16KB via pollinations
OK public/images/article-hal-al-asal-masmuh-lil-atfal-aqal-min-sana.webp 17112 bytes
=== shiraa-al-asal-online-fi-malizia ===
[imgforge] prompt: a glass jar of honey beside a plain brown cardboard parcel box with no labels, on a plain …
[imgforge] error: HTTP Error 401: Unauthorized
[imgen] falling through — zimage: exited 1 (expired/invalid token shows up here as 401)
OK public\images\article-shiraa-al-asal-online-fi-malizia.webp 17KB via pollinations
OK public/images/article-shiraa-al-asal-online-fi-malizia.webp 17478 bytes
=== hadiyat-al-asal-lil-eid ===
[imgforge] prompt: a single glass honey jar staged simply as a gift on a plain decorative cloth, elegant simp…
[imgforge] error: HTTP Error 401: Unauthorized
[imgen] falling through — zimage: exited 1 (expired/invalid token shows up here as 401)
OK public\images\article-hadiyat-al-asal-lil-eid.webp 18KB via pollinations
OK public/images/article-hadiyat-al-asal-lil-eid.webp 18766 bytes
DONE ALL
